// Jest Snapshot v1, https://goo.gl/fbAQLP

exports[`swagger v2 should handle spec correctly 1`] = `
"export const createItem = createRequestAction<
  {
    requestBody: {
      item?: IItem;
    };
  },
  IMessage
>(\\"createItem\\", ({ requestBody }) => ({
  url: \`/api/test/items\`,
  method: \\"post\\",
  data: requestBody,
  headers: { \\"Content-Type\\": \\"application/json\\" },
}));

export const deleteAttachmentUsingDelete = createRequestAction<{
  id: string;
}>(\\"deleteAttachmentUsingDelete\\", ({ id }) => ({ url: \`/api/test/\${id}\`, method: \\"delete\\" }));

export const downloadUsingGet = createRequestAction<
  {
    id: string;
  },
  IResource
>(\\"downloadUsingGet\\", ({ id }) => ({ url: \`/api/test/\${id}\`, method: \\"get\\" }));

export const findBookByIdUsingGet = createRequestAction<
  {
    id: string;
  },
  IBookDetailVo
>(\\"findBookByIdUsingGet\\", ({ id }) => ({ url: \`/api/test/book/\${id}\`, method: \\"get\\" }));

export const getDocumentByIdUsingGet = createRequestAction<
  {
    documentId: string;
    from?: keyof typeof GetDocumentByIdUsingGetFrom;
  },
  IDocumentVo
>(\\"getDocumentByIdUsingGet\\", ({ documentId, from }) => ({
  url: \`/api/test/documents/\${documentId}/doc\`,
  method: \\"get\\",
  params: {
    from,
  },
}));

export const getHealthCheckUsingHead = createRequestAction<
  {
    flight_no: string;
  },
  IDocumentVo
>(\\"getHealthCheckUsingHead\\", ({ flight_no }) => ({ url: \`/api/test/health-check\`, method: \\"head\\" }));

export const getItems = createRequestAction<
  {
    limit?: number;
    page?: number;
    sort?: string[];
  },
  TItems
>(\\"getItems\\", ({ page, limit, sort }) => ({
  url: \`/api/test/items\`,
  method: \\"get\\",
  params: {
    page,
    limit,
    sort,
  },
}));

export const getScheduleDetailsByDateUsingGet = createRequestAction<
  {
    roleId?: string;
    scheduleDate: number;
  },
  IScheduleVo[]
>(\\"getScheduleDetailsByDateUsingGet\\", ({ scheduleDate, roleId }) => ({
  url: \`/api/test/schedules\`,
  method: \\"get\\",
  params: {
    scheduleDate,
    roleId,
  },
}));

export const getTeamListByUsingGet = createRequestAction<{
  limit?: number;
  offset?: number;
}>(\\"getTeamListByUsingGet\\", ({ offset, limit }) => ({
  url: \`/api/test/teams\`,
  method: \\"get\\",
  params: {
    offset,
    limit,
  },
}));

export const getUserListByUsingGet = createRequestAction<{
  limit?: number;
  offset?: number;
}>(\\"getUserListByUsingGet\\", ({ offset, limit }) => ({
  url: \`/api/test/users\`,
  method: \\"get\\",
  params: {
    offset,
    limit,
  },
}));

export const updateBookByIdUsingPut = createRequestAction<{
  id: string;
  requestBody: {
    updateBookRequest: IUpdateBookRequest;
  };
}>(\\"updateBookByIdUsingPut\\", ({ id, requestBody }) => ({
  url: \`/api/test/book/\${id}\`,
  method: \\"put\\",
  data: requestBody,
  headers: { \\"Content-Type\\": \\"application/json\\" },
}));

export const uploadAttachmentUsingPost = createRequestAction<
  {
    requestBody: {
      attachment: File;
    };
  },
  IAttachmentBo
>(\\"uploadAttachmentUsingPost\\", ({ requestBody }) => ({
  url: \`/api/test\`,
  method: \\"post\\",
  data: requestBody,
  headers: { \\"Content-Type\\": \\"multipart/form-data\\" },
}));

export interface IAttachmentBo {
  authorName?: string;
  createdDate?: number;
  fileName?: string;
  id?: string;
  mimeType?: string;
  path?: string;
}

export interface IBookDetailVo {
  attachment?: IScheduleVo;
  authorName?: string;
  createdDate?: number;
  fileName?: string;
  id?: string;
  mimeType?: string;
  path?: string;
}

export interface IBookVo {
  address?: string;
  price?: string;
}

export interface IBookingResponse {
  data: IDocumentVo;
  errors?: IErrorInfo[];
}

export interface IDocumentVo {
  attachment?: IBookDetailVo;
  authorName?: string;
  createdDate?: number;
  id?: string;
  note?: string;
  title?: string;
}

export interface IError {
  code?: number;
  field?: string;
  message?: string;
}

export interface IErrorInfo {
  errorMessage?: string;
}

export type TErrors = IError[];

export interface IFile {
  absolute?: boolean;
  absoluteFile?: IFile;
  absolutePath?: string;
  canonicalFile?: IFile;
  canonicalPath?: string;
  directory?: boolean;
  executable?: boolean;
  file?: boolean;
  freeSpace?: number;
  hidden?: boolean;
  lastModified?: number;
  name?: string;
  parent?: string;
  parentFile?: IFile;
  path?: string;
  readable?: boolean;
  totalSpace?: number;
  usableSpace?: number;
  writable?: boolean;
}

export enum GetDocumentByIdUsingGetFrom {
  \\"AAA\\" = \\"AAA\\",
  \\"BBB\\" = \\"BBB\\",
}

export interface IInputStream {
  [key: string]: any;
}

export interface IItem {
  color?: string;
  id?: string;
  name?: string;
  price?: string;
}

export type TItems = IItem[];

export interface IMessage {
  message?: string;
}

export interface IResource {
  description?: string;
  file?: IFile;
  filename?: string;
  inputStream?: IInputStream;
  open?: boolean;
  readable?: boolean;
  uri?: IUri;
  url?: IUrl;
}

export interface IScheduleVo {
  schedules?: IBookVo[][];
  shiftId?: string;
  team?: string;
}

export interface IUpdateBookRequest {
  birthCountry?: string;
  citizenship?: string;
  dateOfBirth?: number;
  employmentStatus?: string;
  ethnicity?: string;
  gender?: string;
  idNumber?: string;
  idType?: string;
  roleId?: string;
  spokenLanguage?: string[];
}

export interface IUri {
  absolute?: boolean;
  authority?: string;
  fragment?: string;
  host?: string;
  opaque?: boolean;
  path?: string;
  port?: number;
  query?: string;
  rawAuthority?: string;
  rawFragment?: string;
  rawPath?: string;
  rawQuery?: string;
  rawSchemeSpecificPart?: string;
  rawUserInfo?: string;
  scheme?: string;
  schemeSpecificPart?: string;
  userInfo?: string;
}

export interface IUrl {
  authority?: string;
  content?: { [key: string]: any };
  defaultPort?: number;
  deserializedFields?: IUrlStreamHandler;
  file?: string;
  host?: string;
  path?: string;
  port?: number;
  protocol?: string;
  query?: string;
  ref?: string;
  serializedHashCode?: number;
  userInfo?: string;
}

export interface IUrlStreamHandler {
  [key: string]: any;
}

export interface IValidationError {
  errors?: TErrors;
  message?: string;
}
"
`;
