// Jest Snapshot v1, https://goo.gl/fbAQLP

exports[`Schema Converter swagger v2 should handle definitions correctly 1`] = `
"export interface IAttachmentBo {
  authorName?: string;
  createdDate?: number;
  fileName?: string;
  id?: string;
  mimeType?: string;
  path?: string;
}

export interface IBookDetailVo {
  attachment?: IScheduleVo;
  authorName?: string;
  createdDate?: number;
  fileName?: string;
  id?: string;
  mimeType?: string;
  path?: string;
}

export interface IBookVo {
  address?: string;
  price?: string;
}

export interface IBookingResponse {
  data: IDocumentVo;
  errors?: IErrorInfo[];
}

export interface IDocumentVo {
  attachment?: IBookDetailVo;
  authorName?: string;
  createdDate?: number;
  id?: string;
  note?: string;
  title?: string;
}

export interface IErrorInfo {
  errorMessage?: string;
}

export interface IFile {
  absolute?: boolean;
  absoluteFile?: IFile;
  absolutePath?: string;
  canonicalFile?: IFile;
  canonicalPath?: string;
  directory?: boolean;
  executable?: boolean;
  file?: boolean;
  freeSpace?: number;
  hidden?: boolean;
  lastModified?: number;
  name?: string;
  parent?: string;
  parentFile?: IFile;
  path?: string;
  readable?: boolean;
  totalSpace?: number;
  usableSpace?: number;
  writable?: boolean;
}

export interface IInputStream {
  [key: string]: any;
}

export interface IResource {
  description?: string;
  file?: IFile;
  filename?: string;
  inputStream?: IInputStream;
  open?: boolean;
  readable?: boolean;
  uri?: IUri;
  url?: IUrl;
}

export interface IScheduleVo {
  schedules?: IBookVo[][];
  shiftId?: string;
  team?: string;
}

export interface IUpdateBookRequest {
  birthCountry?: string;
  citizenship?: string;
  dateOfBirth?: number;
  employmentStatus?: string;
  ethnicity?: string;
  gender?: string;
  idNumber?: string;
  idType?: string;
  roleId?: string;
  spokenLanguage?: string[];
}

export interface IUri {
  absolute?: boolean;
  authority?: string;
  fragment?: string;
  host?: string;
  opaque?: boolean;
  path?: string;
  port?: number;
  query?: string;
  rawAuthority?: string;
  rawFragment?: string;
  rawPath?: string;
  rawQuery?: string;
  rawSchemeSpecificPart?: string;
  rawUserInfo?: string;
  scheme?: string;
  schemeSpecificPart?: string;
  userInfo?: string;
}

export interface IUrl {
  authority?: string;
  content?: { [key: string]: any };
  defaultPort?: number;
  deserializedFields?: IUrlStreamHandler;
  file?: string;
  host?: string;
  path?: string;
  port?: number;
  protocol?: string;
  query?: string;
  ref?: string;
  serializedHashCode?: number;
  userInfo?: string;
}

export interface IUrlStreamHandler {
  [key: string]: any;
}
"
`;
