// Jest Snapshot v1, https://goo.gl/fbAQLP

exports[`swagger v2 with host should handle basic schemas correctly 1`] = `
"export const addPet = createRequestConfig<
  {
    requestBody: NewPet;
  },
  Pet
>(\\"addPet\\", ({ requestBody }) => ({
  url: \`/api/v3/pets\`,
  method: \\"POST\\",
  data: requestBody,
  headers: { \\"Content-Type\\": \\"application/json\\", Host: serviceName },
}));

export const createItem = createRequestConfig<
  {
    item?: Item;
  },
  Message
>(\\"createItem\\", ({ item }) => ({
  url: \`/api/v3/items\`,
  method: \\"POST\\",
  params: {
    item,
  },
  headers: { Host: serviceName },
}));

export const deletePet = createRequestConfig<{
  id: number;
}>(\\"deletePet\\", ({ id }) => ({ url: \`/api/v3/pets/\${id}\`, method: \\"DELETE\\", headers: { Host: serviceName } }));

export const findPetById = createRequestConfig<
  {
    id: number;
  },
  Pet
>(\\"findPetById\\", ({ id }) => ({ url: \`/api/v3/pets/\${id}\`, method: \\"GET\\", headers: { Host: serviceName } }));

export const findPets = createRequestConfig<
  {
    fee: { age?: number; text: string };
    limit?: number;
    status: (keyof typeof FindPetsStatus)[];
    tags?: (keyof typeof FindPetsTags)[];
  },
  Pet[]
>(\\"findPets\\", ({ tags, fee, limit, status }) => ({
  url: \`/api/v3/pets\`,
  method: \\"GET\\",
  params: {
    tags,
    fee,
    limit,
    status,
  },
  headers: { Host: serviceName },
}));

export const formMultipartWithFile = createRequestConfig<{
  requestBody: { data?: Pet; file: Blob; slice?: string[]; string?: string };
}>(\\"formMultipartWithFile\\", ({ requestBody }) => ({
  url: \`/api/v3/demo/forms/multipart\`,
  method: \\"POST\\",
  data: requestBody,
  headers: { \\"Content-Type\\": \\"multipart/form-data\\", Host: serviceName },
}));

export const formMultipartWithFiles = createRequestConfig<{
  requestBody: { files: Blob[] };
}>(\\"formMultipartWithFiles\\", ({ requestBody }) => ({
  url: \`/api/v3/demo/forms/multipart-with-files\`,
  method: \\"POST\\",
  data: requestBody,
  headers: { \\"Content-Type\\": \\"multipart/form-data\\", Host: serviceName },
}));

export const formUrlEncoded = createRequestConfig<{
  requestBody: RequestForm;
}>(\\"formUrlEncoded\\", ({ requestBody }) => ({
  url: \`/api/v3/demo/forms/url-encoded\`,
  method: \\"POST\\",
  data: requestBody,
  headers: { \\"Content-Type\\": \\"application/x-www-form-urlencoded\\", Host: serviceName },
}));

export const generateFeedbackAndLeadReportUsingGet = createRequestConfig<undefined, Resource>(
  \\"generateFeedbackAndLeadReportUsingGet\\",
  () => ({ url: \`/api/v3/demo/feedback\`, method: \\"GET\\", headers: { Host: serviceName } }),
);

export const getItems = createRequestConfig<
  {
    limit?: number;
    page?: number;
    sort?: string[];
  },
  Items
>(\\"getItems\\", ({ page, limit, sort }) => ({
  url: \`/api/v3/items\`,
  method: \\"GET\\",
  params: {
    page,
    limit,
    sort,
  },
  headers: { Host: serviceName },
}));

export const postBody = createRequestConfig<{
  requestBody: Pet;
}>(\\"postBody\\", ({ requestBody }) => ({
  url: \`/api/v3/body\`,
  method: \\"POST\\",
  data: requestBody,
  headers: { \\"Content-Type\\": \\"application/json\\", Host: serviceName },
}));

export const updatePet = createRequestConfig<{
  requestBody?: Cat | Dog;
}>(\\"updatePet\\", ({ requestBody }) => ({
  url: \`/api/v3/pets\`,
  method: \\"PATCH\\",
  data: requestBody,
  headers: { \\"Content-Type\\": \\"application/json\\", Host: serviceName },
}));

export interface Cat extends Pet {
  age?: number;
  hunts?: boolean;
}

export type CatA = { country?: string; kind?: keyof typeof CatAKind };

export enum CatAKind {
  \\"Red Cat\\" = \\"Red Cat\\",
  \\"Blue Cat\\" = \\"Blue Cat\\",
}

export type CatB = { age?: boolean; kind?: keyof typeof CatBKind; name?: string };

export enum CatBKind {
  \\"Red Cat\\" = \\"Red Cat\\",
  \\"Blue Cat\\" = \\"Blue Cat\\",
}

export type CatC = Cat & string;

export type CatD = string & (Cat | Dog);

export type CatE = { country?: string };

export type CatF = Cat[] & Item[];

export interface Category {
  id?: number;
  name?: string;
}

export interface Dictionary {
  dictionary?: { [key: string]: { code?: number; text?: string } };
  dictionaryA?: { age: number; name: string; [key: string]: string | number };
  dictionaryB?: { age: string; name: string; [key: string]: string };
  dictionaryC?: { age?: number; name?: string; [key: string]: any };
  dictionaryD?: { [key: string]: any };
}

export interface Dog extends Pet {
  bark?: boolean;
  breed?: keyof typeof DogBreed;
}

export enum DogBreed {
  \\"Dingo\\" = \\"Dingo\\",
  \\"Husky\\" = \\"Husky\\",
  \\"Retriever\\" = \\"Retriever\\",
  \\"Shepherd\\" = \\"Shepherd\\",
}

export interface Error {
  code: number;
  message: string;
}

export enum FindPetsStatus {
  \\"available\\" = \\"available\\",
  \\"pending\\" = \\"pending\\",
  \\"sold\\" = \\"sold\\",
}

export enum FindPetsTags {
  \\"z\\" = \\"z\\",
  \\"b\\" = \\"b\\",
  \\"c\\" = \\"c\\",
  \\"a\\" = \\"a\\",
}

export interface Item {
  color?: string;
  id?: string;
  name?: string;
  price?: string;
}

export type Items = Item[];

export interface Message {
  message?: string;
}

export interface NewPet {
  contentType?: NewPetContentType;
  name: string;
  reason?: NewPetReason;
  tag?: string;
}

export type NewPetContentType = \\"01\\" | \\"02\\" | \\"03\\" | \\"04\\" | \\"05\\" | \\"06\\";

export type NewPetReason = \\"1\\" | \\"3\\" | \\"4\\" | \\"5\\" | \\"6\\";

export interface Pet extends NewPet {
  categories?: Category[];
  id: number;
}

export type Pets = Pet[];

export interface RequestForm {
  data: Pet;
  slice: string[];
  string: string;
}

export interface Resource {
  description?: string;
  filename?: string;
  open?: boolean;
  readable?: boolean;
}
"
`;
