// Jest Snapshot v1, https://goo.gl/fbAQLP

exports[`swagger v2 should handle spec correctly 1`] = `
"export const addPet = createRequestAction<{
  requestBody: {
    body: IPet;
  };
}>(\\"addPet\\", ({ requestBody }) => ({
  url: \`/api/test/pet\`,
  method: \\"post\\",
  data: requestBody,
  headers: { \\"Content-Type\\": \\"application/json\\" },
}));

export const createItem = createRequestAction<
  {
    requestBody: {
      item?: IItem;
    };
  },
  IMessage
>(\\"createItem\\", ({ requestBody }) => ({
  url: \`/api/test/items\`,
  method: \\"post\\",
  data: requestBody,
  headers: { \\"Content-Type\\": \\"application/json\\" },
}));

export const createUser = createRequestAction<{
  requestBody: {
    body: IUser;
  };
}>(\\"createUser\\", ({ requestBody }) => ({
  url: \`/api/test/user\`,
  method: \\"post\\",
  data: requestBody,
  headers: { \\"Content-Type\\": \\"application/json\\" },
}));

export const createUsersWithArrayInput = createRequestAction<{
  requestBody: {
    body: IUser[];
  };
}>(\\"createUsersWithArrayInput\\", ({ requestBody }) => ({
  url: \`/api/test/user/createWithArray\`,
  method: \\"post\\",
  data: requestBody,
  headers: { \\"Content-Type\\": \\"application/json\\" },
}));

export const createUsersWithListInput = createRequestAction<{
  requestBody: {
    body: IUser[];
  };
}>(\\"createUsersWithListInput\\", ({ requestBody }) => ({
  url: \`/api/test/user/createWithList\`,
  method: \\"post\\",
  data: requestBody,
  headers: { \\"Content-Type\\": \\"application/json\\" },
}));

export const deleteAttachmentUsingDelete = createRequestAction<{
  id: string;
}>(\\"deleteAttachmentUsingDelete\\", ({ id }) => ({ url: \`/api/test/\${id}\`, method: \\"delete\\" }));

export const deleteOrder = createRequestAction<{
  orderId: number;
}>(\\"deleteOrder\\", ({ orderId }) => ({ url: \`/api/test/store/order/\${orderId}\`, method: \\"delete\\" }));

export const deletePet = createRequestAction<{
  petId: number;
}>(\\"deletePet\\", ({ petId }) => ({ url: \`/api/test/pet/\${petId}\`, method: \\"delete\\" }));

export const deleteUser = createRequestAction<{
  username: string;
}>(\\"deleteUser\\", ({ username }) => ({ url: \`/api/test/user/\${username}\`, method: \\"delete\\" }));

export const downloadUsingGet = createRequestAction<
  {
    id: string;
  },
  IResource
>(\\"downloadUsingGet\\", ({ id }) => ({ url: \`/api/test/\${id}\`, method: \\"get\\" }));

export const findBookByIdUsingGet = createRequestAction<
  {
    id: string;
  },
  IBookDetailVo
>(\\"findBookByIdUsingGet\\", ({ id }) => ({ url: \`/api/test/book/\${id}\`, method: \\"get\\" }));

export const findPetsByStatus = createRequestAction<
  {
    status: keyof typeof FindPetsByStatusStatus[];
  },
  IPet[]
>(\\"findPetsByStatus\\", ({ status }) => ({
  url: \`/api/test/pet/findByStatus\`,
  method: \\"get\\",
  params: {
    status,
  },
}));

/**
 * @deprecated findPetsByTags
 */

export const findPetsByTags = createRequestAction<
  {
    tags: string[];
  },
  IPet[]
>(\\"findPetsByTags\\", ({ tags }) => ({
  url: \`/api/test/pet/findByTags\`,
  method: \\"get\\",
  params: {
    tags,
  },
}));

export const getDocumentByIdUsingGet = createRequestAction<
  {
    documentId: string;
    from?: keyof typeof GetDocumentByIdUsingGetFrom;
  },
  IDocumentVo
>(\\"getDocumentByIdUsingGet\\", ({ documentId, from }) => ({
  url: \`/api/test/documents/\${documentId}/doc\`,
  method: \\"get\\",
  params: {
    from,
  },
}));

export const getHealthCheckUsingHead = createRequestAction<
  {
    flight_no: string;
  },
  IDocumentVo
>(\\"getHealthCheckUsingHead\\", ({ flight_no }) => ({ url: \`/api/test/health-check\`, method: \\"head\\" }));

export const getInventory = createRequestAction<{ [key: string]: any }>(\\"getInventory\\", () => ({
  url: \`/api/test/store/inventory\`,
  method: \\"get\\",
}));

export const getItems = createRequestAction<
  {
    limit?: number;
    page?: number;
    sort?: string[];
  },
  TItems
>(\\"getItems\\", ({ page, limit, sort }) => ({
  url: \`/api/test/items\`,
  method: \\"get\\",
  params: {
    page,
    limit,
    sort,
  },
}));

export const getOrderById = createRequestAction<
  {
    orderId: number;
  },
  IOrder
>(\\"getOrderById\\", ({ orderId }) => ({ url: \`/api/test/store/order/\${orderId}\`, method: \\"get\\" }));

export const getPetById = createRequestAction<
  {
    petId: number;
  },
  IPet
>(\\"getPetById\\", ({ petId }) => ({ url: \`/api/test/pet/\${petId}\`, method: \\"get\\" }));

export const getScheduleDetailsByDateUsingGet = createRequestAction<
  {
    roleId?: string;
    scheduleDate: number;
  },
  IScheduleVo[]
>(\\"getScheduleDetailsByDateUsingGet\\", ({ scheduleDate, roleId }) => ({
  url: \`/api/test/schedules\`,
  method: \\"get\\",
  params: {
    scheduleDate,
    roleId,
  },
}));

export const getTeamListByUsingGet = createRequestAction<{
  limit?: number;
  offset?: number;
}>(\\"getTeamListByUsingGet\\", ({ offset, limit }) => ({
  url: \`/api/test/teams\`,
  method: \\"get\\",
  params: {
    offset,
    limit,
  },
}));

export const getUserByName = createRequestAction<
  {
    username: string;
  },
  IUser
>(\\"getUserByName\\", ({ username }) => ({ url: \`/api/test/user/\${username}\`, method: \\"get\\" }));

export const getUserListByUsingGet = createRequestAction<{
  limit?: number;
  offset?: number;
}>(\\"getUserListByUsingGet\\", ({ offset, limit }) => ({
  url: \`/api/test/users\`,
  method: \\"get\\",
  params: {
    offset,
    limit,
  },
}));

export const loginUser = createRequestAction<
  {
    password: string;
    username: string;
  },
  string
>(\\"loginUser\\", ({ username, password }) => ({
  url: \`/api/test/user/login\`,
  method: \\"get\\",
  params: {
    username,
    password,
  },
}));

export const logoutUser = createRequestAction(\\"logoutUser\\", () => ({ url: \`/api/test/user/logout\`, method: \\"get\\" }));

export const placeOrder = createRequestAction<
  {
    requestBody: {
      body: IOrder;
    };
  },
  IOrder
>(\\"placeOrder\\", ({ requestBody }) => ({
  url: \`/api/test/store/order\`,
  method: \\"post\\",
  data: requestBody,
  headers: { \\"Content-Type\\": \\"application/json\\" },
}));

export const updateBookByIdUsingPut = createRequestAction<{
  id: string;
  requestBody: {
    updateBookRequest: IUpdateBookRequest;
  };
}>(\\"updateBookByIdUsingPut\\", ({ id, requestBody }) => ({
  url: \`/api/test/book/\${id}\`,
  method: \\"put\\",
  data: requestBody,
  headers: { \\"Content-Type\\": \\"application/json\\" },
}));

export const updatePet = createRequestAction<{
  requestBody: {
    body: IPet;
  };
}>(\\"updatePet\\", ({ requestBody }) => ({
  url: \`/api/test/pet\`,
  method: \\"put\\",
  data: requestBody,
  headers: { \\"Content-Type\\": \\"application/json\\" },
}));

export const updatePetWithForm = createRequestAction<{
  petId: number;
  requestBody: {
    name?: string;
    status?: string;
  };
}>(\\"updatePetWithForm\\", ({ petId, requestBody }) => ({
  url: \`/api/test/pet/\${petId}\`,
  method: \\"post\\",
  data: requestBody,
  headers: { \\"Content-Type\\": \\"multipart/form-data\\" },
}));

export const updateUser = createRequestAction<{
  requestBody: {
    body: IUser;
  };
  username: string;
}>(\\"updateUser\\", ({ username, requestBody }) => ({
  url: \`/api/test/user/\${username}\`,
  method: \\"put\\",
  data: requestBody,
  headers: { \\"Content-Type\\": \\"application/json\\" },
}));

export const uploadAttachmentUsingPost = createRequestAction<
  {
    requestBody: {
      attachment: File;
    };
  },
  IAttachmentBo
>(\\"uploadAttachmentUsingPost\\", ({ requestBody }) => ({
  url: \`/api/test\`,
  method: \\"post\\",
  data: requestBody,
  headers: { \\"Content-Type\\": \\"multipart/form-data\\" },
}));

export const uploadFile = createRequestAction<
  {
    petId: number;
    requestBody: {
      additionalMetadata?: string;
      file?: File;
    };
  },
  IApiResponse
>(\\"uploadFile\\", ({ petId, requestBody }) => ({
  url: \`/api/test/pet/\${petId}/uploadImage\`,
  method: \\"post\\",
  data: requestBody,
  headers: { \\"Content-Type\\": \\"multipart/form-data\\" },
}));

export interface IApiResponse {
  code?: number;
  message?: string;
  type?: string;
}

export interface IAttachmentBo {
  authorName?: string;
  createdDate?: number;
  fileName?: string;
  id?: string;
  mimeType?: string;
  path?: string;
}

export interface IBookDetailVo {
  attachment?: IScheduleVo;
  authorName?: string;
  createdDate?: number;
  fileName?: string;
  id?: string;
  mimeType?: string;
  path?: string;
}

export interface IBookVo {
  address?: string;
  price?: string;
}

export interface IBookingResponse {
  data: IDocumentVo;
  errors?: IErrorInfo[];
}

export interface ICategory {
  id?: number;
  name?: string;
}

export interface IDocumentVo {
  attachment?: IBookDetailVo;
  authorName?: string;
  createdDate?: number;
  id?: string;
  note?: string;
  title?: string;
}

export interface IError {
  code?: number;
  field?: string;
  message?: string;
}

export interface IErrorInfo {
  errorMessage?: string;
}

export type TErrors = IError[];

export interface IFile {
  absolute?: boolean;
  absoluteFile?: IFile;
  absolutePath?: string;
  canonicalFile?: IFile;
  canonicalPath?: string;
  directory?: boolean;
  executable?: boolean;
  file?: boolean;
  freeSpace?: number;
  hidden?: boolean;
  lastModified?: number;
  name?: string;
  parent?: string;
  parentFile?: IFile;
  path?: string;
  readable?: boolean;
  totalSpace?: number;
  usableSpace?: number;
  writable?: boolean;
}

export enum FindPetsByStatusStatus {
  \\"available\\" = \\"available\\",
  \\"pending\\" = \\"pending\\",
  \\"sold\\" = \\"sold\\",
}

export enum GetDocumentByIdUsingGetFrom {
  \\"AAA\\" = \\"AAA\\",
  \\"BBB\\" = \\"BBB\\",
}

export interface IInputStream {
  [key: string]: any;
}

export interface IItem {
  color?: string;
  id?: string;
  name?: string;
  price?: string;
}

export type TItems = IItem[];

export interface IMessage {
  message?: string;
}

export interface IOrder {
  complete?: boolean;
  id?: number;
  petId?: number;
  quantity?: number;
  shipDate?: string;
  status?: keyof typeof OrderStatus;
}

export enum OrderStatus {
  \\"placed\\" = \\"placed\\",
  \\"approved\\" = \\"approved\\",
  \\"delivered\\" = \\"delivered\\",
}

export interface IPet {
  category?: ICategory;
  id?: number;
  name: string;
  photoUrls: string[];
  status?: keyof typeof PetStatus;
  tags?: ITag[];
}

export enum PetStatus {
  \\"available\\" = \\"available\\",
  \\"pending\\" = \\"pending\\",
  \\"sold\\" = \\"sold\\",
}

export interface IResource {
  description?: string;
  file?: IFile;
  filename?: string;
  inputStream?: IInputStream;
  open?: boolean;
  readable?: boolean;
  uri?: IUri;
  url?: IUrl;
}

export interface IScheduleVo {
  schedules?: IBookVo[][];
  shiftId?: string;
  team?: string;
}

export interface ITag {
  id?: number;
  name?: string;
}

export interface IUpdateBookRequest {
  birthCountry?: string;
  citizenship?: string;
  dateOfBirth?: number;
  employmentStatus?: string;
  ethnicity?: string;
  gender?: string;
  idNumber?: string;
  idType?: string;
  roleId?: string;
  spokenLanguage?: string[];
}

export interface IUri {
  absolute?: boolean;
  authority?: string;
  fragment?: string;
  host?: string;
  opaque?: boolean;
  path?: string;
  port?: number;
  query?: string;
  rawAuthority?: string;
  rawFragment?: string;
  rawPath?: string;
  rawQuery?: string;
  rawSchemeSpecificPart?: string;
  rawUserInfo?: string;
  scheme?: string;
  schemeSpecificPart?: string;
  userInfo?: string;
}

export interface IUrl {
  authority?: string;
  content?: { [key: string]: any };
  defaultPort?: number;
  deserializedFields?: IUrlStreamHandler;
  file?: string;
  host?: string;
  path?: string;
  port?: number;
  protocol?: string;
  query?: string;
  ref?: string;
  serializedHashCode?: number;
  userInfo?: string;
}

export interface IUrlStreamHandler {
  [key: string]: any;
}

export interface IUser {
  email?: string;
  firstName?: string;
  id?: number;
  lastName?: string;
  password?: string;
  phone?: string;
  userStatus?: number;
  username?: string;
}

export interface IValidationError {
  errors?: TErrors;
  message?: string;
}
"
`;
